
tlks_fail007.hs:7:6: error:
    Invalid left-hand side in a top-level kind signature: May a
