
tlks_fail003.hs:5:11: error:
    Wildcard ‘_w’ not allowed
      in the top-level kind signature for T
