
tlks_fail005.hs:13:32: error: Not in scope: type variable ‘k’
